{"_e":"root:init","_t":1788526093023,"format":"v0-jsonl","version":"57.0.21"}
{"_e":"env:mode","_t":1788526093025,"nodeEnv":"development","babelEnv":"development","mode":"development"}
{"_e":"env:load","_t":1788526093028,"mode":"development","files":[],"env":{}}
{"_e":"devserver:start","_t":1788526093821,"mode":"development","web":true,"baseUrl":"","asyncRoutes":false,"routerRoot":"../../../app","serverComponents":false,"serverActions":false,"serverRendering":false,"apiRoutes":false,"exporting":false}
{"_e":"metro:config","_t":1788526095779,"serverRoot":"../../../../..","projectRoot":"../../..","exporting":false,"flags":{"autolinkingModuleResolution":true,"serverActions":false,"serverComponents":false,"reactCompiler":true,"optimizeGraph":false,"treeshaking":false,"logbox":false}}
{"_e":"expo:dev-tools-plugin:load","_t":1788526096026,"plugins":[]}
{"_e":"metro:server_log","_t":1788526099540,"level":"error","data":["An unknown error occurred while installing React Native DevTools. Details:\n\n/home/runner/workspace/node_modules/.pnpm/@react-native+debugger-shell@0.86.3/node_modules/@react-native/debugger-shell/bin/react-native-devtools: error while loading shared libraries: libglib-2.0.so.0: cannot open shared object file: No such file or directory\n"]}
{"_e":"metro:instantiate","_t":1788526102066,"atlas":false,"workers":3,"host":"127.0.0.1","port":18115}
{"_e":"metro:bundling:started","_t":1788526118120,"id":"1","platform":"web","environment":null,"entry":"node_modules/.pnpm/expo-router@57.0.18_549e3cb085ec12174e59d1d690cd452b/node_modules/expo-router/entry.js"}
{"_e":"metro:bundling:progress","_t":1788526118121,"id":"1","progress":0,"total":1,"current":0}
{"_e":"metro:bundling:progress","_t":1788526118131,"id":"1","progress":0,"total":1,"current":0}
{"_e":"metro:bundling:progress","_t":1788526118849,"id":"1","progress":0.010000000000000002,"total":1,"current":1}
{"_e":"metro:bundling:progress","_t":1788526118949,"id":"1","progress":0.25,"total":10,"current":5}
{"_e":"metro:bundling:progress","_t":1788526119061,"id":"1","progress":0.4444444444444444,"total":12,"current":8}
{"_e":"metro:bundling:progress","_t":1788526119164,"id":"1","progress":0.4444444444444444,"total":20,"current":11}
{"_e":"metro:bundling:progress","_t":1788526119264,"id":"1","progress":0.4444444444444444,"total":31,"current":19}
{"_e":"metro:bundling:progress","_t":1788526119368,"id":"1","progress":0.4444444444444444,"total":35,"current":22}
{"_e":"metro:bundling:progress","_t":1788526119474,"id":"1","progress":0.5146502835538752,"total":46,"current":33}
{"_e":"metro:bundling:progress","_t":1788526119576,"id":"1","progress":0.5146502835538752,"total":139,"current":40}
{"_e":"metro:bundling:progress","_t":1788526119676,"id":"1","progress":0.5146502835538752,"total":153,"current":53}
{"_e":"metro:bundling:progress","_t":1788526119776,"id":"1","progress":0.5146502835538752,"total":195,"current":64}
{"_e":"metro:bundling:progress","_t":1788526119876,"id":"1","progress":0.5146502835538752,"total":230,"current":76}
{"_e":"metro:bundling:progress","_t":1788526119976,"id":"1","progress":0.5146502835538752,"total":245,"current":96}
{"_e":"metro:bundling:progress","_t":1788526120080,"id":"1","progress":0.5146502835538752,"total":264,"current":115}
{"_e":"metro:bundling:progress","_t":1788526120182,"id":"1","progress":0.5146502835538752,"total":288,"current":133}
{"_e":"metro:bundling:progress","_t":1788526120282,"id":"1","progress":0.5146502835538752,"total":321,"current":155}
{"_e":"metro:bundling:progress","_t":1788526120382,"id":"1","progress":0.5146502835538752,"total":333,"current":177}
{"_e":"metro:bundling:progress","_t":1788526120482,"id":"1","progress":0.5146502835538752,"total":374,"current":190}
{"_e":"metro:bundling:progress","_t":1788526120582,"id":"1","progress":0.5146502835538752,"total":385,"current":196}
{"_e":"metro:bundling:progress","_t":1788526120858,"id":"1","progress":0.5146502835538752,"total":385,"current":197}
{"_e":"metro:bundling:progress","_t":1788526120960,"id":"1","progress":0.5146502835538752,"total":395,"current":198}
{"_e":"metro:bundling:progress","_t":1788526121034,"id":"1","progress":0.5146502835538752,"total":395,"current":199}
{"_e":"metro:bundling:progress","_t":1788526121135,"id":"1","progress":0.5146502835538752,"total":407,"current":212}
{"_e":"metro:bundling:progress","_t":1788526121235,"id":"1","progress":0.5146502835538752,"total":420,"current":233}
{"_e":"metro:bundling:progress","_t":1788526121336,"id":"1","progress":0.5146502835538752,"total":435,"current":251}
{"_e":"metro:bundling:progress","_t":1788526121440,"id":"1","progress":0.5146502835538752,"total":447,"current":260}
{"_e":"metro:bundling:progress","_t":1788526121544,"id":"1","progress":0.5146502835538752,"total":455,"current":280}
{"_e":"metro:bundling:progress","_t":1788526121644,"id":"1","progress":0.5146502835538752,"total":458,"current":291}
{"_e":"metro:bundling:progress","_t":1788526121746,"id":"1","progress":0.5146502835538752,"total":477,"current":301}
{"_e":"metro:bundling:progress","_t":1788526121845,"id":"1","progress":0.5146502835538752,"total":496,"current":320}
{"_e":"metro:bundling:progress","_t":1788526121952,"id":"1","progress":0.5146502835538752,"total":501,"current":336}
{"_e":"metro:bundling:progress","_t":1788526122122,"id":"1","progress":0.5146502835538752,"total":517,"current":353}
{"_e":"metro:bundling:progress","_t":1788526122222,"id":"1","progress":0.5146502835538752,"total":554,"current":377}
{"_e":"metro:bundling:progress","_t":1788526122325,"id":"1","progress":0.5146502835538752,"total":642,"current":397}
{"_e":"metro:bundling:progress","_t":1788526122425,"id":"1","progress":0.5146502835538752,"total":697,"current":427}
{"_e":"metro:bundling:progress","_t":1788526122525,"id":"1","progress":0.5146502835538752,"total":726,"current":455}
{"_e":"metro:bundling:progress","_t":1788526122629,"id":"1","progress":0.5146502835538752,"total":737,"current":481}
{"_e":"metro:bundling:progress","_t":1788526122729,"id":"1","progress":0.5146502835538752,"total":745,"current":513}
{"_e":"metro:bundling:progress","_t":1788526122829,"id":"1","progress":0.5146502835538752,"total":753,"current":534}
{"_e":"metro:bundling:progress","_t":1788526122930,"id":"1","progress":0.550216028648749,"total":759,"current":563}
{"_e":"metro:bundling:progress","_t":1788526123030,"id":"1","progress":0.5564453970090367,"total":803,"current":599}
{"_e":"metro:bundling:progress","_t":1788526123130,"id":"1","progress":0.5567319450248999,"total":843,"current":629}
{"_e":"metro:bundling:progress","_t":1788526123231,"id":"1","progress":0.5576969946177338,"total":857,"current":640}
{"_e":"metro:bundling:progress","_t":1788526123332,"id":"1","progress":0.5993756503642039,"total":868,"current":672}
{"_e":"metro:bundling:progress","_t":1788526123432,"id":"1","progress":0.5993756503642039,"total":904,"current":696}
{"_e":"metro:bundling:progress","_t":1788526123532,"id":"1","progress":0.6222689598705284,"total":914,"current":721}
{"_e":"metro:bundling:progress","_t":1788526123633,"id":"1","progress":0.6338346626388403,"total":932,"current":742}
{"_e":"metro:bundling:progress","_t":1788526123736,"id":"1","progress":0.6657865550022636,"total":940,"current":767}
{"_e":"metro:bundling:progress","_t":1788526123837,"id":"1","progress":0.7243861290419699,"total":947,"current":806}
{"_e":"metro:bundling:progress","_t":1788526123940,"id":"1","progress":0.7446453353519472,"total":963,"current":831}
{"_e":"metro:bundling:progress","_t":1788526124039,"id":"1","progress":0.7613240623909366,"total":965,"current":842}
{"_e":"metro:bundling:progress","_t":1788526124139,"id":"1","progress":0.7613240623909366,"total":977,"current":852}
{"_e":"metro:bundling:progress","_t":1788526124241,"id":"1","progress":0.7613240623909366,"total":1022,"current":871}
{"_e":"metro:bundling:progress","_t":1788526124341,"id":"1","progress":0.7613240623909366,"total":1034,"current":894}
{"_e":"metro:bundling:progress","_t":1788526124443,"id":"1","progress":0.7613240623909366,"total":1041,"current":906}
{"_e":"metro:bundling:progress","_t":1788526124543,"id":"1","progress":0.7613240623909366,"total":1077,"current":939}
{"_e":"metro:bundling:progress","_t":1788526124643,"id":"1","progress":0.7867059328956324,"total":1097,"current":973}
{"_e":"metro:bundling:progress","_t":1788526124743,"id":"1","progress":0.7867059328956324,"total":1131,"current":994}
{"_e":"metro:bundling:progress","_t":1788526124843,"id":"1","progress":0.7867059328956324,"total":1152,"current":997}
{"_e":"metro:bundling:progress","_t":1788526124891,"id":"1","progress":0.7867059328956324,"total":1152,"current":998}
{"_e":"metro:bundling:progress","_t":1788526124991,"id":"1","progress":0.7867059328956324,"total":1164,"current":1010}
{"_e":"metro:bundling:progress","_t":1788526125092,"id":"1","progress":0.7867059328956324,"total":1191,"current":1042}
{"_e":"metro:bundling:progress","_t":1788526125195,"id":"1","progress":0.7867059328956324,"total":1229,"current":1068}
{"_e":"metro:bundling:progress","_t":1788526125295,"id":"1","progress":0.7867059328956324,"total":1262,"current":1101}
{"_e":"metro:bundling:progress","_t":1788526125395,"id":"1","progress":0.7867059328956324,"total":1268,"current":1113}
{"_e":"metro:bundling:progress","_t":1788526125496,"id":"1","progress":0.7867059328956324,"total":1289,"current":1130}
{"_e":"metro:bundling:progress","_t":1788526125596,"id":"1","progress":0.7867059328956324,"total":1292,"current":1144}
{"_e":"metro:bundling:progress","_t":1788526125696,"id":"1","progress":0.7867059328956324,"total":1318,"current":1161}
{"_e":"metro:bundling:progress","_t":1788526125796,"id":"1","progress":0.7867059328956324,"total":1323,"current":1166}
{"_e":"metro:bundling:progress","_t":1788526125900,"id":"1","progress":0.7966228558699042,"total":1340,"current":1196}
{"_e":"metro:bundling:progress","_t":1788526126004,"id":"1","progress":0.8286532428545759,"total":1349,"current":1228}
{"_e":"metro:bundling:progress","_t":1788526126103,"id":"1","progress":0.8286532428545759,"total":1397,"current":1258}
{"_e":"metro:bundling:progress","_t":1788526126208,"id":"1","progress":0.8286532428545759,"total":1410,"current":1269}
{"_e":"metro:bundling:progress","_t":1788526126304,"id":"1","progress":0.8286532428545759,"total":1421,"current":1289}
{"_e":"metro:bundling:progress","_t":1788526126403,"id":"1","progress":0.829469082619687,"total":1423,"current":1296}
{"_e":"metro:bundling:progress","_t":1788526126498,"id":"1","progress":0.8307496213447483,"total":1423,"current":1297}
{"_e":"metro:bundling:progress","_t":1788526126598,"id":"1","progress":0.835881653134505,"total":1423,"current":1301}
{"_e":"metro:bundling:progress","_t":1788526126699,"id":"1","progress":0.8449007347911952,"total":1423,"current":1308}
{"_e":"metro:bundling:progress","_t":1788526126799,"id":"1","progress":0.8580609418282549,"total":1425,"current":1320}
{"_e":"metro:bundling:progress","_t":1788526126900,"id":"1","progress":0.8661508721135514,"total":1428,"current":1329}
{"_e":"metro:bundling:progress","_t":1788526127003,"id":"1","progress":0.8932154549067691,"total":1439,"current":1360}
{"_e":"metro:bundling:progress","_t":1788526127104,"id":"1","progress":0.9150484872003004,"total":1451,"current":1388}
{"_e":"metro:bundling:progress","_t":1788526127204,"id":"1","progress":0.9286190753065722,"total":1458,"current":1405}
{"_e":"metro:bundling:progress","_t":1788526127304,"id":"1","progress":0.9302233569231687,"total":1464,"current":1412}
{"_e":"metro:bundling:progress","_t":1788526127404,"id":"1","progress":0.9348799306062818,"total":1480,"current":1431}
{"_e":"metro:bundling:progress","_t":1788526127505,"id":"1","progress":0.9563111885292171,"total":1494,"current":1461}
{"_e":"metro:bundling:progress","_t":1788526127607,"id":"1","progress":0.9563111885292171,"total":1543,"current":1500}
{"_e":"metro:bundling:progress","_t":1788526127708,"id":"1","progress":0.9593177103507107,"total":1557,"current":1525}
{"_e":"metro:bundling:progress","_t":1788526127809,"id":"1","progress":0.9612658101881797,"total":1585,"current":1554}
{"_e":"metro:bundling:progress","_t":1788526127922,"id":"1","progress":0.999,"total":1593,"current":1593}
{"_e":"metro:bundling:done","_t":1788526128026,"id":"1","total":1593,"ms":9905.879843}
{"_e":"metro:client_log","_t":1788526128488,"level":"info","data":["%cDownload the React DevTools for a better development experience: https://react.dev/link/react-devtools","font-weight:bold"]}
{"_e":"metro:client_log","_t":1788526128489,"level":"log","data":["Running application \"main\" with appParams:\n","{\"hydrate\": undefined, \"rootTag\": \"#root\"}","\nDevelopment-level warnings: ON.\nPerformance optimizations: OFF."]}
{"_e":"metro:client_log","_t":1788526128628,"level":"warn","data":["\"shadow*\" style props are deprecated. Use \"boxShadow\"."]}
{"_e":"metro:bundling:started","_t":1788526130147,"id":"d","platform":"web","environment":null,"entry":"node_modules/.pnpm/expo-router@57.0.18_549e3cb085ec12174e59d1d690cd452b/node_modules/expo-router/entry.js"}
{"_e":"metro:bundling:progress","_t":1788526130147,"id":"d","progress":0,"total":1,"current":0}
{"_e":"metro:bundling:done","_t":1788526130201,"id":"d","total":1,"ms":53.877725}
{"_e":"metro:client_log","_t":1788526131114,"level":"info","data":["%cDownload the React DevTools for a better development experience: https://react.dev/link/react-devtools","font-weight:bold"]}
{"_e":"metro:client_log","_t":1788526131114,"level":"log","data":["Running application \"main\" with appParams:\n","{\"hydrate\": undefined, \"rootTag\": \"#root\"}","\nDevelopment-level warnings: ON.\nPerformance optimizations: OFF."]}
{"_e":"metro:client_log","_t":1788526131114,"level":"warn","data":["[Reanimated] Reduced motion setting is enabled on this device. This warning is visible only in the development mode. Some animations will be disabled by default. You can override the behavior for individual animations, see https://docs.swmansion.com/react-native-reanimated/docs/guides/troubleshooting#reduced-motion-setting-is-enabled-on-this-device."]}
{"_e":"metro:client_log","_t":1788526131114,"level":"warn","data":["\"shadow*\" style props are deprecated. Use \"boxShadow\"."]}
{"_e":"root:init","_t":1788540484080,"format":"v0-jsonl","version":"57.0.21"}
{"_e":"env:mode","_t":1788540484082,"nodeEnv":"development","babelEnv":"development","mode":"development"}
{"_e":"env:load","_t":1788540484084,"mode":"development","files":[],"env":{}}
{"_e":"devserver:start","_t":1788540485191,"mode":"development","web":true,"baseUrl":"","asyncRoutes":false,"routerRoot":"../../../app","serverComponents":false,"serverActions":false,"serverRendering":false,"apiRoutes":false,"exporting":false}
{"_e":"metro:config","_t":1788540486669,"serverRoot":"../../../../..","projectRoot":"../../..","exporting":false,"flags":{"autolinkingModuleResolution":true,"serverActions":false,"serverComponents":false,"reactCompiler":true,"optimizeGraph":false,"treeshaking":false,"logbox":false}}
{"_e":"expo:dev-tools-plugin:load","_t":1788540487055,"plugins":[]}
{"_e":"metro:server_log","_t":1788540487690,"level":"error","data":["An unknown error occurred while installing React Native DevTools. Details:\n\n/home/runner/workspace/node_modules/.pnpm/@react-native+debugger-shell@0.86.3/node_modules/@react-native/debugger-shell/bin/react-native-devtools: error while loading shared libraries: libglib-2.0.so.0: cannot open shared object file: No such file or directory\n"]}
{"_e":"metro:instantiate","_t":1788540492642,"atlas":false,"workers":3,"host":"127.0.0.1","port":18115}
{"_e":"root:init","_t":1788548247149,"format":"v0-jsonl","version":"57.0.21"}
{"_e":"env:mode","_t":1788548247150,"nodeEnv":"development","babelEnv":"development","mode":"development"}
{"_e":"env:load","_t":1788548247152,"mode":"development","files":[],"env":{}}
{"_e":"devserver:start","_t":1788548248099,"mode":"development","web":true,"baseUrl":"","asyncRoutes":false,"routerRoot":"../../../app","serverComponents":false,"serverActions":false,"serverRendering":false,"apiRoutes":false,"exporting":false}
{"_e":"metro:config","_t":1788548249556,"serverRoot":"../../../../..","projectRoot":"../../..","exporting":false,"flags":{"autolinkingModuleResolution":true,"serverActions":false,"serverComponents":false,"reactCompiler":true,"optimizeGraph":false,"treeshaking":false,"logbox":false}}
{"_e":"expo:dev-tools-plugin:load","_t":1788548250181,"plugins":[]}
{"_e":"metro:server_log","_t":1788548251366,"level":"error","data":["An unknown error occurred while installing React Native DevTools. Details:\n\n/home/runner/workspace/node_modules/.pnpm/@react-native+debugger-shell@0.86.3/node_modules/@react-native/debugger-shell/bin/react-native-devtools: error while loading shared libraries: libglib-2.0.so.0: cannot open shared object file: No such file or directory\n"]}
{"_e":"metro:instantiate","_t":1788548255753,"atlas":false,"workers":3,"host":"127.0.0.1","port":18115}
{"_e":"root:init","_t":1788567059585,"format":"v0-jsonl","version":"57.0.21"}
{"_e":"env:mode","_t":1788567059587,"nodeEnv":"development","babelEnv":"development","mode":"development"}
{"_e":"env:load","_t":1788567059589,"mode":"development","files":[],"env":{}}
{"_e":"devserver:start","_t":1788567060570,"mode":"development","web":true,"baseUrl":"","asyncRoutes":false,"routerRoot":"../../../app","serverComponents":false,"serverActions":false,"serverRendering":false,"apiRoutes":false,"exporting":false}
{"_e":"metro:config","_t":1788567061947,"serverRoot":"../../../../..","projectRoot":"../../..","exporting":false,"flags":{"autolinkingModuleResolution":true,"serverActions":false,"serverComponents":false,"reactCompiler":true,"optimizeGraph":false,"treeshaking":false,"logbox":false}}
{"_e":"expo:dev-tools-plugin:load","_t":1788567062501,"plugins":[]}
{"_e":"metro:server_log","_t":1788567063199,"level":"error","data":["An unknown error occurred while installing React Native DevTools. Details:\n\n/home/runner/workspace/node_modules/.pnpm/@react-native+debugger-shell@0.86.3/node_modules/@react-native/debugger-shell/bin/react-native-devtools: error while loading shared libraries: libglib-2.0.so.0: cannot open shared object file: No such file or directory\n"]}
{"_e":"metro:instantiate","_t":1788567067766,"atlas":false,"workers":3,"host":"127.0.0.1","port":18115}
{"_e":"metro:bundling:started","_t":1788567301020,"id":"1","platform":"web","environment":null,"entry":"node_modules/.pnpm/expo-router@57.0.18_549e3cb085ec12174e59d1d690cd452b/node_modules/expo-router/entry.js"}
{"_e":"metro:bundling:progress","_t":1788567301021,"id":"1","progress":0,"total":1,"current":0}
{"_e":"metro:bundling:progress","_t":1788567301029,"id":"1","progress":0,"total":1,"current":0}
{"_e":"metro:bundling:progress","_t":1788567303166,"id":"1","progress":0.010000000000000002,"total":1,"current":1}
{"_e":"metro:bundling:progress","_t":1788567303266,"id":"1","progress":0.36,"total":10,"current":6}
{"_e":"metro:bundling:progress","_t":1788567303369,"id":"1","progress":0.4444444444444444,"total":12,"current":8}
{"_e":"metro:bundling:progress","_t":1788567303471,"id":"1","progress":0.4444444444444444,"total":23,"current":11}
{"_e":"metro:bundling:progress","_t":1788567303570,"id":"1","progress":0.4444444444444444,"total":38,"current":18}
{"_e":"metro:bundling:progress","_t":1788567303670,"id":"1","progress":0.4444444444444444,"total":103,"current":24}
{"_e":"metro:bundling:progress","_t":1788567303777,"id":"1","progress":0.4444444444444444,"total":110,"current":32}
{"_e":"metro:bundling:progress","_t":1788567303877,"id":"1","progress":0.4444444444444444,"total":149,"current":45}
{"_e":"metro:bundling:progress","_t":1788567303977,"id":"1","progress":0.4444444444444444,"total":163,"current":63}
{"_e":"metro:bundling:progress","_t":1788567304081,"id":"1","progress":0.4444444444444444,"total":187,"current":82}
{"_e":"metro:bundling:progress","_t":1788567304181,"id":"1","progress":0.4444444444444444,"total":205,"current":107}
{"_e":"metro:bundling:progress","_t":1788567304282,"id":"1","progress":0.4444444444444444,"total":233,"current":127}
{"_e":"metro:bundling:progress","_t":1788567304382,"id":"1","progress":0.4444444444444444,"total":259,"current":157}
{"_e":"metro:bundling:progress","_t":1788567304482,"id":"1","progress":0.4444444444444444,"total":271,"current":174}
{"_e":"metro:bundling:progress","_t":1788567304582,"id":"1","progress":0.4929832503395202,"total":282,"current":198}
{"_e":"metro:bundling:progress","_t":1788567304692,"id":"1","progress":0.4929832503395202,"total":318,"current":220}
{"_e":"metro:bundling:progress","_t":1788567304794,"id":"1","progress":0.4929832503395202,"total":366,"current":244}
{"_e":"metro:bundling:progress","_t":1788567304894,"id":"1","progress":0.4929832503395202,"total":392,"current":270}
{"_e":"metro:bundling:progress","_t":1788567304994,"id":"1","progress":0.5011518478580531,"total":404,"current":286}
{"_e":"metro:bundling:progress","_t":1788567305095,"id":"1","progress":0.5011518478580531,"total":413,"current":290}
{"_e":"metro:bundling:progress","_t":1788567305195,"id":"1","progress":0.5011518478580531,"total":422,"current":292}
{"_e":"metro:bundling:progress","_t":1788567305319,"id":"1","progress":0.5011518478580531,"total":422,"current":293}
{"_e":"metro:bundling:progress","_t":1788567305422,"id":"1","progress":0.5011518478580531,"total":427,"current":295}
{"_e":"metro:bundling:progress","_t":1788567305522,"id":"1","progress":0.5011518478580531,"total":464,"current":309}
{"_e":"metro:bundling:progress","_t":1788567305622,"id":"1","progress":0.5145834957288079,"total":467,"current":335}
{"_e":"metro:bundling:progress","_t":1788567305725,"id":"1","progress":0.5145834957288079,"total":514,"current":354}
{"_e":"metro:bundling:progress","_t":1788567305826,"id":"1","progress":0.5160853481305324,"total":522,"current":375}
{"_e":"metro:bundling:progress","_t":1788567305926,"id":"1","progress":0.5527839582095326,"total":538,"current":400}
{"_e":"metro:bundling:progress","_t":1788567306026,"id":"1","progress":0.5527839582095326,"total":585,"current":419}
{"_e":"metro:bundling:progress","_t":1788567306126,"id":"1","progress":0.5527839582095326,"total":669,"current":436}
{"_e":"metro:bundling:progress","_t":1788567306226,"id":"1","progress":0.5527839582095326,"total":699,"current":457}
{"_e":"metro:bundling:progress","_t":1788567306327,"id":"1","progress":0.5527839582095326,"total":711,"current":474}
{"_e":"metro:bundling:progress","_t":1788567306427,"id":"1","progress":0.5527839582095326,"total":726,"current":486}
{"_e":"metro:bundling:progress","_t":1788567306528,"id":"1","progress":0.5527839582095326,"total":761,"current":514}
{"_e":"metro:bundling:progress","_t":1788567306628,"id":"1","progress":0.5527839582095326,"total":782,"current":543}
{"_e":"metro:bundling:progress","_t":1788567306728,"id":"1","progress":0.5527839582095326,"total":815,"current":560}
{"_e":"metro:bundling:progress","_t":1788567306829,"id":"1","progress":0.5527839582095326,"total":828,"current":592}
{"_e":"metro:bundling:progress","_t":1788567306929,"id":"1","progress":0.5527839582095326,"total":869,"current":617}
{"_e":"metro:bundling:progress","_t":1788567307030,"id":"1","progress":0.5527839582095326,"total":920,"current":653}
{"_e":"metro:bundling:progress","_t":1788567307130,"id":"1","progress":0.5527839582095326,"total":928,"current":676}
{"_e":"metro:bundling:progress","_t":1788567307234,"id":"1","progress":0.5825805419196632,"total":942,"current":719}
{"_e":"metro:bundling:progress","_t":1788567307338,"id":"1","progress":0.6262495822234263,"total":949,"current":751}
{"_e":"metro:bundling:progress","_t":1788567307438,"id":"1","progress":0.6472632898101576,"total":972,"current":782}
{"_e":"metro:bundling:progress","_t":1788567307546,"id":"1","progress":0.6652543564082073,"total":998,"current":814}
{"_e":"metro:bundling:progress","_t":1788567307638,"id":"1","progress":0.6652543564082073,"total":1043,"current":827}
{"_e":"metro:bundling:progress","_t":1788567307738,"id":"1","progress":0.6652543564082073,"total":1058,"current":851}
{"_e":"metro:bundling:progress","_t":1788567307839,"id":"1","progress":0.7174521904517329,"total":1059,"current":897}
{"_e":"metro:bundling:progress","_t":1788567307939,"id":"1","progress":0.7237692136333259,"total":1072,"current":912}
{"_e":"metro:bundling:progress","_t":1788567308041,"id":"1","progress":0.736736111111111,"total":1080,"current":927}
{"_e":"metro:bundling:progress","_t":1788567308140,"id":"1","progress":0.7930336696375752,"total":1087,"current":968}
{"_e":"metro:bundling:progress","_t":1788567308241,"id":"1","progress":0.7942143587288443,"total":1112,"current":991}
{"_e":"metro:bundling:progress","_t":1788567308342,"id":"1","progress":0.7942143587288443,"total":1148,"current":1012}
{"_e":"metro:bundling:progress","_t":1788567308441,"id":"1","progress":0.7942143587288443,"total":1179,"current":1024}
{"_e":"metro:bundling:progress","_t":1788567308542,"id":"1","progress":0.7942143587288443,"total":1183,"current":1027}
{"_e":"metro:bundling:progress","_t":1788567308644,"id":"1","progress":0.7942143587288443,"total":1210,"current":1045}
{"_e":"metro:bundling:progress","_t":1788567308744,"id":"1","progress":0.7942143587288443,"total":1213,"current":1076}
{"_e":"metro:bundling:progress","_t":1788567308844,"id":"1","progress":0.7942143587288443,"total":1238,"current":1103}
{"_e":"metro:bundling:progress","_t":1788567308944,"id":"1","progress":0.7942143587288443,"total":1275,"current":1132}
{"_e":"metro:bundling:progress","_t":1788567309044,"id":"1","progress":0.8001861572265625,"total":1280,"current":1145}
{"_e":"metro:bundling:progress","_t":1788567309144,"id":"1","progress":0.811810755636424,"total":1293,"current":1165}
{"_e":"metro:bundling:progress","_t":1788567309245,"id":"1","progress":0.811810755636424,"total":1317,"current":1182}
{"_e":"metro:bundling:progress","_t":1788567309346,"id":"1","progress":0.811810755636424,"total":1332,"current":1199}
{"_e":"metro:bundling:progress","_t":1788567309446,"id":"1","progress":0.8280328426900505,"total":1355,"current":1233}
{"_e":"metro:bundling:progress","_t":1788567309546,"id":"1","progress":0.8280328426900505,"total":1392,"current":1262}
{"_e":"metro:bundling:progress","_t":1788567309648,"id":"1","progress":0.8291466044353419,"total":1409,"current":1283}
{"_e":"metro:bundling:progress","_t":1788567309749,"id":"1","progress":0.834040375506534,"total":1418,"current":1295}
{"_e":"metro:bundling:progress","_t":1788567309849,"id":"1","progress":0.840493275059133,"total":1418,"current":1300}
{"_e":"metro:bundling:progress","_t":1788567309950,"id":"1","progress":0.8469710412766744,"total":1418,"current":1305}
{"_e":"metro:bundling:progress","_t":1788567310050,"id":"1","progress":0.8550717819220192,"total":1421,"current":1314}
{"_e":"metro:bundling:progress","_t":1788567310150,"id":"1","progress":0.8646652333246125,"total":1426,"current":1326}
{"_e":"metro:bundling:progress","_t":1788567310250,"id":"1","progress":0.8928536693062874,"total":1434,"current":1355}
{"_e":"metro:bundling:progress","_t":1788567310351,"id":"1","progress":0.9174647735299638,"total":1447,"current":1386}
{"_e":"metro:bundling:progress","_t":1788567310459,"id":"1","progress":0.9321315741277739,"total":1448,"current":1398}
{"_e":"metro:bundling:progress","_t":1788567310559,"id":"1","progress":0.9329504233289718,"total":1466,"current":1416}
{"_e":"metro:bundling:progress","_t":1788567310662,"id":"1","progress":0.9413853905088182,"total":1479,"current":1435}
{"_e":"metro:bundling:progress","_t":1788567310762,"id":"1","progress":0.9414763258504067,"total":1515,"current":1470}
{"_e":"metro:bundling:progress","_t":1788567310865,"id":"1","progress":0.9487922266465468,"total":1542,"current":1502}
{"_e":"metro:bundling:progress","_t":1788567310965,"id":"1","progress":0.9556596754408897,"total":1561,"current":1526}
{"_e":"metro:bundling:progress","_t":1788567311065,"id":"1","progress":0.9724669048177755,"total":1587,"current":1565}
{"_e":"metro:bundling:done","_t":1788567311212,"id":"1","total":1587,"ms":10192.30678}
{"_e":"metro:bundling:started","_t":1788567321519,"id":"2","platform":"web","environment":null,"entry":"node_modules/.pnpm/expo-router@57.0.18_549e3cb085ec12174e59d1d690cd452b/node_modules/expo-router/entry.js"}
{"_e":"metro:bundling:progress","_t":1788567321520,"id":"2","progress":0,"total":1,"current":0}
{"_e":"metro:bundling:done","_t":1788567321574,"id":"2","total":1,"ms":54.274801}
